PASS  V1 未使用 CSS columns / grid dense
PASS  V3 默认排序：每张卡都放进当时最短列（独立复算）  — 5 列，列宽 262.4，偏差 无
PASS  V2 默认 5 列首行 #1 #2 #3 #11 #4  — 1 2 3 11 4
PASS  V4 DOM 顺序 = 综合推荐顺序  — 1,2,3,11,4,5,6,12,7,8,9,10
PASS  V5 列宽等分且 ≥ 220px  — 262
PASS  V8 媒体比例 9:16 / 16:9 / 4:5 / 1:1  — #1:0.56 #2:1.78 #3:0.8 #11:— #4:1.78 #5:0.56 #6:1.78 #12:— #7:1 #8:0.56 #9:1.78 #10:0.8
PASS  V9 截断行数按类型 1/2/1/8/3  — #1:1 #2:2 #3:1 #11:8 #4:3 #5:1 #6:3 #12:8 #7:1 #8:1 #9:2 #10:1
PASS  V9 列宽 220px 下 #11 长推文被截断、#12 完整  — 列宽 220
PASS  V10 列宽 220px 下所有卡 ≥144px；text ≤ 230、text-media ≤ 250  — #1:430 #2:165 #3:315 #11:222 #4:241 #5:430 #6:241 #12:144 #7:260 #8:430 #9:165 #10:315
PASS  V11 胶囊在卡片右上角  — #1:9,9 #2:9,9 #3:9,9 #11:13,15 #4:13,15 #5:9,9 #6:13,15 #12:13,15 #7:9,9 #8:9,9 #9:9,9 #10:9,9
PASS  V12 默认态只显示媒体 + 胶囊 + 标题/正文  — 无泄漏
PASS  V15 全页无「该号爆款 · 高于中位」，「该号 4.2x」保留
PASS  V14 有状态卡为 #2 #4 #6 #9 #12  — 2,4,6,9,12
PASS  V14 所有卡 opacity = 1（禁止整卡变暗）
PASS  V14 已处理卡媒体 filter = grayscale(1) 且 opacity = 0.45；无状态卡无变化  — #1:none/1 #2:grayscale(1)/0.45 #3:none/1 #4:grayscale(1)/0.45 #5:none/1 #6:grayscale(1)/0.45 #7:none/1 #8:none/1 #9:grayscale(1)/0.45 #10:none/1
PASS  V14 已处理卡正文颜色 = label-secondary  — rgba(255, 255, 255, 0.72)
PASS  V13 已处理的爆款卡 #2 胶囊无彩色、卡片无发光  — rgba(0, 0, 0, 0.38) / none
PASS  V14 暗色主题已处理媒体非纯黑（#2/#9 中心亮度 > 0.005）  — {"1":0.013,"2":0.014,"9":0.015}
PASS  V16 文本卡悬停层：作者行 + 指标 + 操作 + 立即复刻  — Higgsfield AI | · 3 小时前 | 可参考 | 浏览 4.1万 · 点赞 2,180 · 评论 342 · 分享 516 | 原帖直达 | AI 拆解 | 标为已处理 | 立即复刻
PASS  V21 文本卡悬停层为不透明底  — rgb(28, 28, 31)
PASS  V21 悬停层上沿 20px 渐隐带、无顶边描边、无顶部圆角  — {"h":"20px","bg":"linear-gradient(rgba(0, 0, 0, 0) 0%, rgb(28, 28, 31) 100%)","pe":"none","bt":"0px","rtl":"0px"}
PASS  V17 视频卡指标前缀为「播放」
PASS  V18 有状态卡第四位显示状态文字、无「标为已处理」
PASS  V14 悬停时已处理样式恢复（filter none、opacity 1、胶囊彩色）  — none / 1 / pill rgb(240, 69, 58)
PASS  V7 悬停与标为已处理后所有卡片位置不变
PASS  V18 标为已处理 → 已处理样式 + Toast  — 已标记为已处理
PASS  V2 增速最快首行 #2 #1 #10 #9 #3  — 2 1 10 9 3
PASS  V3 增速最快排序后仍是最短列放置  — 无偏差
PASS  V3 表现筛选后重排仍满足最短列  — 3,11,4,9 偏差 无
PASS  V5 各宽度列数符合公式、列宽 ≥220、放置正确  — vw1440→W1376:5列/262.4  vw1280→W1216:5列/230.4  vw1100→W1036:4列/247  vw900→W836:3列/268  vw700→W636:2列/310
PASS  V5 边界 1164→5 / 1163→4 / 928→4 / 927→3  — 1164:5列 1163:4列 928:4列 927:3列
PASS  V6 横纵间距 16px、卡圆角 12px、内嵌媒体 8px  — {"v":[16],"h":[16],"radius":"12px","tm":"8px"}
PASS  V19 Higgsfield AI / Runway 显示 2 个作品
PASS  V19 共 12 张卡
PASS  V20 纯文本详情：无封面带、胶囊在正文上方、正文全文  — {"cover":false,"pillRow":true,"full":true,"dur":false}
PASS  V20 D3 博主/平台只显示文字（无头像、无平台图标）  — [{"label":"博主","svg":0,"avatar":0,"text":"博主 Higgsfield AI"},{"label":"平台","svg":0,"avatar":0,"text":"平台 X"}]
PASS  V20 带媒体推文详情：封面带 16:9、有时长  — {"ratio":1.78,"dur":true}
PASS  V21 亮色主题文本卡正文对比度 ≥ 4.5（含已处理卡）  — #11:16.6 #4(已处理):7.1 #6(已处理):7.1 #12(已处理):7.1
PASS  V21 亮色主题文本卡中性胶囊文字对比度 ≥ 4.5  — #4:7.1 #6:7.1 #12:7.1
PASS  V14 亮色主题已处理媒体中心亮度 ≥ 0.15（不呈黑块）  — {"2":0.315,"9":0.327}
PASS  V14 亮色主题已处理卡胶囊文字对比度 ≥ 4.5（截图像素合成底色）  — #2:5(bg 97,97,98 / fg rgba(255, 255, 255, 0.85))  #4:7.1(bg 247,247,248 / fg rgb(75, 85, 99))  #6:7.1(bg 247,247,248 / fg rgb(75, 85, 99))  #9:4.9(bg 99,99,99 / fg rgba(255, 255, 255, 0.85))  #12:7.1(bg 247,247,248 / fg rgb(75, 85, 99))
PASS  V14/V21 暗色主题中性与已处理胶囊文字对比度 ≥ 4.5  — #2:13.7 #4:9.4 #6:9.4 #12:9.4 #9:13.7
PASS  V22 无类型标签 / 播放图标文字

TOTAL 43  FAIL 0
