✔ session-only close resolves a unique identity and reopening creates a fresh store (2.867791ms)
✔ same session in different cwd is ambiguous; exact close preserves the other workspace (0.145208ms)
✔ repoRoot identity stays exact and malformed scopes never fall back or create shared stores (0.10475ms)
✔ identity indexes belong to each registration and are cleared on direct disposal (0.089833ms)
✔ malformed external documents are rejected without publishing or losing the current draft (2.103833ms)
✔ reference slots retain portrait and reject cross-mode references without charging (3.297ms)
✔ synchronous malformed adapter results fail and refund exactly once (0.418125ms)
✔ F07 A-token-B-token-C maintains order through update/move/remove (2.920958ms)
✔ F07 URL syntax rejects credentials, private literals, bad protocols and signed query (0.626417ms)
✔ F07 IME guard covers native composing and keyCode 229 (0.077791ms)
✔ F09 exact menu labels, ordering and demo prices (0.773584ms)
✔ F09 independent dimensions are ANDed, clearing one retains others (2.857833ms)
✔ QA2 existing eight production Stage contracts retain strict sidebar validation (731.672417ms)
✔ QA2 public closeTab session-only callback clears closed Studio scope, preserving other sessions (58.811458ms)
✔ QA01 sparse document is rejected before entering immutable draft (1.241917ms)
✔ QA02 reference snapshot rejects missing identity and metadata (0.341875ms)
✔ QA03 draft mode cannot be reassigned through a patch (0.102334ms)
✔ QA04 cancelling with synchronous failure callback refunds once (1.067ms)
✔ QA05 independent scopes keep task completion and balance isolated (0.5895ms)
✔ QA06 actual bundled kit installs no styles before dependencies become available (52.716583ms)
✔ QA07 sparse adapter batch is not a successful four-result batch (0.330458ms)
✔ QA08 unknown video submode fails validation (0.120792ms)
✔ QA09 boundary length and batch validation stay atomic (0.268541ms)
✔ F11/F12 ten dependency injection cycles dispose tab/locale/style/registry exactly once (73.613458ms)
✔ F11 absent dependencies produce no style or fallback when injector waits (7.636625ms)
✔ real bundle evaluated ten times leaves Host style identity and bytes unchanged (126.405584ms)
✔ fixture references preserve full identity in frozen request and reject each missing field (1.84575ms)
✔ cancel wins before abort callbacks, subscriber reentry and late completion (0.296125ms)
✔ scene filter uses real fixtures, survives navigation and does not alter image dimensions (0.1635ms)
✔ rendered scene chips filter real cards and image examples assemble without charging (121.446625ms)
✔ F04 scope tuple isolation and unknown cwd refusal (2.810667ms)
✔ F06 hide pauses remaining time, cancel/delete refund once and no late callback (1.932541ms)
✔ F10 immutable complete snapshot, batch four, restore without submission (0.972417ms)
✔ F10 zero / one-short credits reject without mutations or timers (0.165583ms)
✔ F10 same-clock 100 submissions mint UUIDs and preserve 15s / auto (2.027167ms)
✔ F06/F10 adapter failure and partial batch refund once; malicious late outcome ignored (0.111083ms)
✔ F08 main and detail navigation retain identical draft, invalid submission does not navigate (0.10175ms)
✔ F10 analysis clears model/spec and creates explicit text sample (0.347667ms)
✔ F01/F02/F03/F14 static local CSS, no chrome and portable build (1.886375ms)
✔ F07 rendered editor handles token Enter, IME, ordered text and Backspace (83.867833ms)
ℹ tests 40
ℹ suites 0
ℹ pass 40
ℹ fail 0
ℹ cancelled 0
ℹ skipped 0
ℹ todo 0
ℹ duration_ms 1522.2915
