✖ e2e：同一文件重导出的 revision 必须变化，且 size 段相同（size-only 版本串不足以区分） (1113.152083ms)
✖ e2e：重导出的 revision 让下游成片节点 mediaUrl 变化，且复用同一节点不新增重复节点 (1110.546416ms)
✔ e2e：没有 revision 时 mediaUrl 与修复前逐字符一致（向后兼容） (4.731ms)
ℹ tests 3
ℹ suites 0
ℹ pass 1
ℹ fail 2
ℹ cancelled 0
ℹ skipped 0
ℹ todo 0
ℹ duration_ms 2330.974833

✖ failing tests:

test at tests/e2e/clip-preview-refresh-3146.e2e.test.mjs:118:1
✖ e2e：同一文件重导出的 revision 必须变化，且 size 段相同（size-only 版本串不足以区分） (1113.152083ms)
  AssertionError [ERR_ASSERTION]: Expected values to be strictly equal:
  + actual - expected
  
  + undefined
  - '2290'
  
      at TestContext.<anonymous> (file:///Users/x/Desktop/Project/dsh-plugin/product/omnimux-dsh/.worktrees/clip-preview-refresh-3146/tests/e2e/clip-preview-refresh-3146.e2e.test.mjs:144:12)
      at process.processTicksAndRejections (node:internal/process/task_queues:104:5)
      at async Test.run (node:internal/test_runner/test:1208:7)
      at async startSubtestAfterBootstrap (node:internal/test_runner/harness:385:3) {
    generatedMessage: true,
    code: 'ERR_ASSERTION',
    actual: undefined,
    expected: '2290',
    operator: 'strictEqual',
    diff: 'simple'
  }

test at tests/e2e/clip-preview-refresh-3146.e2e.test.mjs:160:1
✖ e2e：重导出的 revision 让下游成片节点 mediaUrl 变化，且复用同一节点不新增重复节点 (1110.546416ms)
  AssertionError [ERR_ASSERTION]: Expected values to be strictly equal:
  + actual - expected
  
  + '/omnimux-workflow/api/local-file?path=%2Fvar%2Ffolders%2Fs4%2Fbq231_q12pg5k216kgk882d80000gn%2FT%2Fclip-revision-e2e-WXHux1%2Fomnimux%2Fclip%2Fexports%2Fclip_node_e2e_revision.mp4'
  - '/omnimux-workflow/api/local-file?path=%2Fvar%2Ffolders%2Fs4%2Fbq231_q12pg5k216kgk882d80000gn%2FT%2Fclip-revision-e2e-WXHux1%2Fomnimux%2Fclip%2Fexports%2Fclip_node_e2e_revision.mp4&rev=undefined'
  
      at TestContext.<anonymous> (file:///Users/x/Desktop/Project/dsh-plugin/product/omnimux-dsh/.worktrees/clip-preview-refresh-3146/tests/e2e/clip-preview-refresh-3146.e2e.test.mjs:179:12)
      at process.processTicksAndRejections (node:internal/process/task_queues:104:5)
      at async Test.run (node:internal/test_runner/test:1208:7)
      at async Test.processPendingSubtests (node:internal/test_runner/test:831:7) {
    generatedMessage: true,
    code: 'ERR_ASSERTION',
    actual: '/omnimux-workflow/api/local-file?path=%2Fvar%2Ffolders%2Fs4%2Fbq231_q12pg5k216kgk882d80000gn%2FT%2Fclip-revision-e2e-WXHux1%2Fomnimux%2Fclip%2Fexports%2Fclip_node_e2e_revision.mp4',
    expected: '/omnimux-workflow/api/local-file?path=%2Fvar%2Ffolders%2Fs4%2Fbq231_q12pg5k216kgk882d80000gn%2FT%2Fclip-revision-e2e-WXHux1%2Fomnimux%2Fclip%2Fexports%2Fclip_node_e2e_revision.mp4&rev=undefined',
    operator: 'strictEqual',
    diff: 'simple'
  }
