
 RUN  v4.1.11 /Users/x/Desktop/Project/dsh-plugin/product/omnimux-dsh/.worktrees/cross-browser-image-assets/plugins/omnimux-browser

stderr | tests/image-assets-v1.spec.ts > saveImageAsset · 下载/校验/入库编排 > maps validation error UNSUPPORTED_IMAGE_TYPE to unsupported-image
[omnimux-browser] image validation refused the downloaded bytes Error: attachment refused
    at /Users/x/Desktop/Project/dsh-plugin/product/omnimux-dsh/.worktrees/cross-browser-image-assets/plugins/omnimux-browser/tests/image-assets-v1.spec.ts:182:21
    at Mock (file:///Users/x/Desktop/Project/dsh-plugin/product/omnimux-dsh/.worktrees/cross-browser-image-assets/node_modules/.pnpm/@vitest+spy@4.1.11/node_modules/@vitest/spy/dist/index.js:332:34)
    at runValidation (/Users/x/Desktop/Project/dsh-plugin/product/omnimux-dsh/.worktrees/cross-browser-image-assets/plugins/omnimux-browser/src/image-assets.ts:176:11)
    at saveImageAsset (/Users/x/Desktop/Project/dsh-plugin/product/omnimux-dsh/.worktrees/cross-browser-image-assets/plugins/omnimux-browser/src/image-assets.ts:253:28)
    at processTicksAndRejections (node:internal/process/task_queues:104:5)
    at /Users/x/Desktop/Project/dsh-plugin/product/omnimux-dsh/.worktrees/cross-browser-image-assets/plugins/omnimux-browser/tests/image-assets-v1.spec.ts:186:21 {
  code: 'UNSUPPORTED_IMAGE_TYPE'
}

stderr | tests/image-assets-v1.spec.ts > saveImageAsset · 下载/校验/入库编排 > maps validation error INVALID_IMAGE to unsupported-image
[omnimux-browser] image validation refused the downloaded bytes Error: attachment refused
    at /Users/x/Desktop/Project/dsh-plugin/product/omnimux-dsh/.worktrees/cross-browser-image-assets/plugins/omnimux-browser/tests/image-assets-v1.spec.ts:182:21
    at Mock (file:///Users/x/Desktop/Project/dsh-plugin/product/omnimux-dsh/.worktrees/cross-browser-image-assets/node_modules/.pnpm/@vitest+spy@4.1.11/node_modules/@vitest/spy/dist/index.js:332:34)
    at runValidation (/Users/x/Desktop/Project/dsh-plugin/product/omnimux-dsh/.worktrees/cross-browser-image-assets/plugins/omnimux-browser/src/image-assets.ts:176:11)
    at saveImageAsset (/Users/x/Desktop/Project/dsh-plugin/product/omnimux-dsh/.worktrees/cross-browser-image-assets/plugins/omnimux-browser/src/image-assets.ts:253:28)
    at processTicksAndRejections (node:internal/process/task_queues:104:5)
    at /Users/x/Desktop/Project/dsh-plugin/product/omnimux-dsh/.worktrees/cross-browser-image-assets/plugins/omnimux-browser/tests/image-assets-v1.spec.ts:186:21 {
  code: 'INVALID_IMAGE'
}

stderr | tests/image-assets-v1.spec.ts > saveImageAsset · 下载/校验/入库编排 > maps validation error IMAGE_TYPE_MISMATCH to mime-mismatch
[omnimux-browser] image validation refused the downloaded bytes Error: attachment refused
    at /Users/x/Desktop/Project/dsh-plugin/product/omnimux-dsh/.worktrees/cross-browser-image-assets/plugins/omnimux-browser/tests/image-assets-v1.spec.ts:182:21
    at Mock (file:///Users/x/Desktop/Project/dsh-plugin/product/omnimux-dsh/.worktrees/cross-browser-image-assets/node_modules/.pnpm/@vitest+spy@4.1.11/node_modules/@vitest/spy/dist/index.js:332:34)
    at runValidation (/Users/x/Desktop/Project/dsh-plugin/product/omnimux-dsh/.worktrees/cross-browser-image-assets/plugins/omnimux-browser/src/image-assets.ts:176:11)
    at saveImageAsset (/Users/x/Desktop/Project/dsh-plugin/product/omnimux-dsh/.worktrees/cross-browser-image-assets/plugins/omnimux-browser/src/image-assets.ts:253:28)
    at processTicksAndRejections (node:internal/process/task_queues:104:5)
    at /Users/x/Desktop/Project/dsh-plugin/product/omnimux-dsh/.worktrees/cross-browser-image-assets/plugins/omnimux-browser/tests/image-assets-v1.spec.ts:186:21 {
  code: 'IMAGE_TYPE_MISMATCH'
}

stderr | tests/image-assets-v1.spec.ts > saveImageAsset · 下载/校验/入库编排 > maps validation error IMAGE_TOO_LARGE to too-large
[omnimux-browser] image validation refused the downloaded bytes Error: attachment refused
    at /Users/x/Desktop/Project/dsh-plugin/product/omnimux-dsh/.worktrees/cross-browser-image-assets/plugins/omnimux-browser/tests/image-assets-v1.spec.ts:182:21
    at Mock (file:///Users/x/Desktop/Project/dsh-plugin/product/omnimux-dsh/.worktrees/cross-browser-image-assets/node_modules/.pnpm/@vitest+spy@4.1.11/node_modules/@vitest/spy/dist/index.js:332:34)
    at runValidation (/Users/x/Desktop/Project/dsh-plugin/product/omnimux-dsh/.worktrees/cross-browser-image-assets/plugins/omnimux-browser/src/image-assets.ts:176:11)
    at saveImageAsset (/Users/x/Desktop/Project/dsh-plugin/product/omnimux-dsh/.worktrees/cross-browser-image-assets/plugins/omnimux-browser/src/image-assets.ts:253:28)
    at processTicksAndRejections (node:internal/process/task_queues:104:5)
    at /Users/x/Desktop/Project/dsh-plugin/product/omnimux-dsh/.worktrees/cross-browser-image-assets/plugins/omnimux-browser/tests/image-assets-v1.spec.ts:186:21 {
  code: 'IMAGE_TOO_LARGE'
}

stderr | tests/image-assets-v1.spec.ts > saveImageAsset · 下载/校验/入库编排 > maps validation error IMAGE_TOO_MANY_PIXELS to too-large
[omnimux-browser] image validation refused the downloaded bytes Error: attachment refused
    at /Users/x/Desktop/Project/dsh-plugin/product/omnimux-dsh/.worktrees/cross-browser-image-assets/plugins/omnimux-browser/tests/image-assets-v1.spec.ts:182:21
    at Mock (file:///Users/x/Desktop/Project/dsh-plugin/product/omnimux-dsh/.worktrees/cross-browser-image-assets/node_modules/.pnpm/@vitest+spy@4.1.11/node_modules/@vitest/spy/dist/index.js:332:34)
    at runValidation (/Users/x/Desktop/Project/dsh-plugin/product/omnimux-dsh/.worktrees/cross-browser-image-assets/plugins/omnimux-browser/src/image-assets.ts:176:11)
    at saveImageAsset (/Users/x/Desktop/Project/dsh-plugin/product/omnimux-dsh/.worktrees/cross-browser-image-assets/plugins/omnimux-browser/src/image-assets.ts:253:28)
    at processTicksAndRejections (node:internal/process/task_queues:104:5)
    at /Users/x/Desktop/Project/dsh-plugin/product/omnimux-dsh/.worktrees/cross-browser-image-assets/plugins/omnimux-browser/tests/image-assets-v1.spec.ts:186:21 {
  code: 'IMAGE_TOO_MANY_PIXELS'
}

stderr | tests/image-assets-v1.spec.ts > saveImageAsset · 下载/校验/入库编排 > maps validation error IMAGE_DIMENSION_TOO_LARGE to too-large
[omnimux-browser] image validation refused the downloaded bytes Error: attachment refused
    at /Users/x/Desktop/Project/dsh-plugin/product/omnimux-dsh/.worktrees/cross-browser-image-assets/plugins/omnimux-browser/tests/image-assets-v1.spec.ts:182:21
    at Mock (file:///Users/x/Desktop/Project/dsh-plugin/product/omnimux-dsh/.worktrees/cross-browser-image-assets/node_modules/.pnpm/@vitest+spy@4.1.11/node_modules/@vitest/spy/dist/index.js:332:34)
    at runValidation (/Users/x/Desktop/Project/dsh-plugin/product/omnimux-dsh/.worktrees/cross-browser-image-assets/plugins/omnimux-browser/src/image-assets.ts:176:11)
    at saveImageAsset (/Users/x/Desktop/Project/dsh-plugin/product/omnimux-dsh/.worktrees/cross-browser-image-assets/plugins/omnimux-browser/src/image-assets.ts:253:28)
    at processTicksAndRejections (node:internal/process/task_queues:104:5)
    at /Users/x/Desktop/Project/dsh-plugin/product/omnimux-dsh/.worktrees/cross-browser-image-assets/plugins/omnimux-browser/tests/image-assets-v1.spec.ts:186:21 {
  code: 'IMAGE_DIMENSION_TOO_LARGE'
}

stderr | tests/image-assets-v1.spec.ts > saveImageAsset · 下载/校验/入库编排 > maps validation error ATTACHMENT_CORRUPT to unavailable
[omnimux-browser] image validation refused the downloaded bytes Error: attachment refused
    at /Users/x/Desktop/Project/dsh-plugin/product/omnimux-dsh/.worktrees/cross-browser-image-assets/plugins/omnimux-browser/tests/image-assets-v1.spec.ts:182:21
    at Mock (file:///Users/x/Desktop/Project/dsh-plugin/product/omnimux-dsh/.worktrees/cross-browser-image-assets/node_modules/.pnpm/@vitest+spy@4.1.11/node_modules/@vitest/spy/dist/index.js:332:34)
    at runValidation (/Users/x/Desktop/Project/dsh-plugin/product/omnimux-dsh/.worktrees/cross-browser-image-assets/plugins/omnimux-browser/src/image-assets.ts:176:11)
    at saveImageAsset (/Users/x/Desktop/Project/dsh-plugin/product/omnimux-dsh/.worktrees/cross-browser-image-assets/plugins/omnimux-browser/src/image-assets.ts:253:28)
    at processTicksAndRejections (node:internal/process/task_queues:104:5)
    at /Users/x/Desktop/Project/dsh-plugin/product/omnimux-dsh/.worktrees/cross-browser-image-assets/plugins/omnimux-browser/tests/image-assets-v1.spec.ts:186:21 {
  code: 'ATTACHMENT_CORRUPT'
}

stderr | tests/image-assets-v1.spec.ts > saveImageAsset · 下载/校验/入库编排 > turns ingest failure or a malformed receipt into storage-failed
[omnimux-browser] asset ingest failed after validation Error: disk gone
    at Object.<anonymous> (/Users/x/Desktop/Project/dsh-plugin/product/omnimux-dsh/.worktrees/cross-browser-image-assets/plugins/omnimux-browser/tests/image-assets-v1.spec.ts:239:79)
    at Object.Mock [as ingestDownloadedImage] (file:///Users/x/Desktop/Project/dsh-plugin/product/omnimux-dsh/.worktrees/cross-browser-image-assets/node_modules/.pnpm/@vitest+spy@4.1.11/node_modules/@vitest/spy/dist/index.js:332:34)
    at runIngest (/Users/x/Desktop/Project/dsh-plugin/product/omnimux-dsh/.worktrees/cross-browser-image-assets/plugins/omnimux-browser/src/image-assets.ts:189:51)
    at saveImageAsset (/Users/x/Desktop/Project/dsh-plugin/product/omnimux-dsh/.worktrees/cross-browser-image-assets/plugins/omnimux-browser/src/image-assets.ts:261:24)
    at processTicksAndRejections (node:internal/process/task_queues:104:5)
    at /Users/x/Desktop/Project/dsh-plugin/product/omnimux-dsh/.worktrees/cross-browser-image-assets/plugins/omnimux-browser/tests/image-assets-v1.spec.ts:238:22
    at file:///Users/x/Desktop/Project/dsh-plugin/product/omnimux-dsh/.worktrees/cross-browser-image-assets/node_modules/.pnpm/@vitest+runner@4.1.11/node_modules/@vitest/runner/dist/chunk-artifact.js:1903:20

stderr | tests/image-assets-v1.spec.ts > saveImageAsset · 下载/校验/入库编排 > turns ingest failure or a malformed receipt into storage-failed
[omnimux-browser] asset ingest returned a malformed receipt { status: 'saved', assetId: '', fileId: 'fil_1', lrev: 1 }

stderr | tests/image-assets-v1.spec.ts > saveImageAsset · 下载/校验/入库编排 > turns ingest failure or a malformed receipt into storage-failed
[omnimux-browser] asset ingest returned a malformed receipt { status: 'saved', assetId: 'ast_1', fileId: 'fil_1', lrev: -1 }

stderr | tests/image-assets-v1.spec.ts > saveImageAsset · 下载/校验/入库编排 > turns ingest failure or a malformed receipt into storage-failed
[omnimux-browser] asset ingest returned a malformed receipt { status: 'unknown', assetId: 'ast_1', fileId: 'fil_1', lrev: 1 }

stderr | tests/image-assets-v1.spec.ts > saveImageAsset · 下载/校验/入库编排 > turns ingest failure or a malformed receipt into storage-failed
[omnimux-browser] asset ingest returned a malformed receipt {}

stderr | tests/image-assets-v1.spec.ts > saveImageAsset · 下载/校验/入库编排 > turns ingest failure or a malformed receipt into storage-failed
[omnimux-browser] asset ingest returned a malformed receipt null

 ✓ tests/image-assets-rpc-v1.spec.ts (14 tests) 338ms
 ❯ tests/image-assets-v1.spec.ts (47 tests | 4 failed) 5024ms
     × accepts the frozen wire shape 5ms
     ✓ rejects non-object 0ms
     ✓ rejects missing requestId 0ms
     ✓ rejects empty url 0ms
     ✓ rejects missing pageUrl 0ms
     ✓ rejects non-string url 0ms
     ✓ rejects non-string title 0ms
     ✓ rejects requestId over 128 0ms
     ✓ rejects url over 8192 0ms
     ✓ rejects pageUrl over 8192 0ms
     ✓ rejects title over 200 0ms
     ✓ rejects local path smuggled in 0ms
     ✓ rejects credential smuggled in 0ms
     ✓ accepts the frozen raster set with parameters stripped 0ms
     ✓ rejects image/svg+xml without guessing a suffix 0ms
     ✓ rejects application/octet-stream without guessing a suffix 0ms
     ✓ rejects text/html without guessing a suffix 0ms
     ✓ rejects image/heic without guessing a suffix 0ms
     ✓ rejects  without guessing a suffix 0ms
     ✓ rejects IMAGE/PNG2 without guessing a suffix 0ms
     ✓ rejects image/png/x without guessing a suffix 0ms
     ✓ drops the fragment but keeps the signed query 0ms
     ✓ returns unavailable when the asset service is absent 0ms
     ✓ returns unavailable when host image validation is absent 0ms
     ✓ rejects non-public and non-string urls before dialing 0ms
     ✓ maps fetch timeout into the frozen outcome vocabulary 2ms
     ✓ maps fetch too-large into the frozen outcome vocabulary 2ms
     ✓ maps fetch http-error into the frozen outcome vocabulary 0ms
     ✓ maps fetch bad-request into the frozen outcome vocabulary 0ms
     ✓ maps fetch failed into the frozen outcome vocabulary 0ms
     ✓ rejects non-image and missing content types without magic sniffing 0ms
     ✓ intersects the frozen types with the host imageLimits mediaTypes 0ms
     ✓ maps validation error UNSUPPORTED_IMAGE_TYPE to unsupported-image 1ms
     ✓ maps validation error INVALID_IMAGE to unsupported-image 0ms
     ✓ maps validation error IMAGE_TYPE_MISMATCH to mime-mismatch 0ms
     ✓ maps validation error IMAGE_TOO_LARGE to too-large 0ms
     ✓ maps validation error IMAGE_TOO_MANY_PIXELS to too-large 0ms
     ✓ maps validation error IMAGE_DIMENSION_TOO_LARGE to too-large 0ms
     ✓ maps validation error ATTACHMENT_CORRUPT to unavailable 0ms
     × calls validateImage with the downloaded bytes and normalized mime — never saving attachments 1ms
     × passes the source digest, bytes, mime and bounded provenance to the asset service 0ms
     ✓ maps a duplicate receipt through unchanged 0ms
     ✓ turns ingest failure or a malformed receipt into storage-failed 1ms
     ✓ reports cancelled when the connection generation dies mid-save 0ms
     × distinguishes the caller abort from the own timeout budget 5001ms
     ✓ still reports its own timeout the same way 6ms
     ✓ 成功回执必须含非空 assetId/fileId 与有限 lrev 0ms

⎯⎯⎯⎯⎯⎯⎯ Failed Tests 4 ⎯⎯⎯⎯⎯⎯⎯

 FAIL  tests/image-assets-v1.spec.ts > parseImageAssetPayload · 窄输入（#3052） > accepts the frozen wire shape
AssertionError: expected { requestId: 'req-1', …(2) } to match object { title: undefined }
(3 matching properties omitted from actual)

- Expected
+ Received

  {
-   "title": undefined,
+   "pageUrl": "https://news.example.com/article",
+   "requestId": "req-1",
+   "url": "https://cdn.example.com/photo.png",
  }

 ❯ tests/image-assets-v1.spec.ts:68:45
     66|     const minimal = payload()
     67|     delete minimal.title
     68|     expect(parseImageAssetPayload(minimal)).toMatchObject({ title: und…
       |                                             ^
     69|   })
     70|

⎯⎯⎯⎯⎯⎯⎯⎯⎯⎯⎯⎯⎯⎯⎯⎯⎯⎯⎯⎯⎯⎯⎯⎯[1/4]⎯

 FAIL  tests/image-assets-v1.spec.ts > saveImageAsset · 下载/校验/入库编排 > calls validateImage with the downloaded bytes and normalized mime — never saving attachments
AssertionError: expected Buffer[ 137, 80, 78, 71 ] to deeply equal Uint8Array[ 137, 80, 78, 71 ]

- Expected
+ Received

- Uint8Array [
+ {
+   "data": [
      137,
      80,
      78,
      71,
- ]
+   ],
+   "type": "Buffer",
+ }

 ❯ tests/image-assets-v1.spec.ts:203:77
    201|       mediaType: 'image/png',
    202|     })
    203|     expect((validateImage.mock.calls[0]?.[0] as { data: Uint8Array }).…
       |                                                                             ^
    204|   })
    205|

⎯⎯⎯⎯⎯⎯⎯⎯⎯⎯⎯⎯⎯⎯⎯⎯⎯⎯⎯⎯⎯⎯⎯⎯[2/4]⎯

 FAIL  tests/image-assets-v1.spec.ts > saveImageAsset · 下载/校验/入库编排 > passes the source digest, bytes, mime and bounded provenance to the asset service
AssertionError: expected Buffer[ 137, 80, 78, 71 ] to deeply equal Uint8Array[ 137, 80, 78, 71 ]

- Expected
+ Received

- Uint8Array [
+ {
+   "data": [
      137,
      80,
      78,
      71,
- ]
+   ],
+   "type": "Buffer",
+ }

 ❯ tests/image-assets-v1.spec.ts:219:25
    217|       description: string
    218|     }
    219|     expect(input.bytes).toEqual(PNG)
       |                         ^
    220|     expect(input.mime).toBe('image/png')
    221|     expect(input.sourceKey).toBe(imageAssetSourceKey('https://cdn.exam…

⎯⎯⎯⎯⎯⎯⎯⎯⎯⎯⎯⎯⎯⎯⎯⎯⎯⎯⎯⎯⎯⎯⎯⎯[3/4]⎯

 FAIL  tests/image-assets-v1.spec.ts > fetchMediaBytes · 外部取消信号 > distinguishes the caller abort from the own timeout budget
Error: Test timed out in 5000ms.
If this is a long-running test, pass a timeout value as the last argument or configure it globally with "testTimeout".
 ❯ tests/image-assets-v1.spec.ts:275:3
    273|
    274| describe('fetchMediaBytes · 外部取消信号', () => {
    275|   it('distinguishes the caller abort from the own timeout budget', asy…
       |   ^
    276|     const external = new AbortController()
    277|     const hanging = (async (_url: string, init?: RequestInit) => new P…

⎯⎯⎯⎯⎯⎯⎯⎯⎯⎯⎯⎯⎯⎯⎯⎯⎯⎯⎯⎯⎯⎯⎯⎯[4/4]⎯


 Test Files  1 failed | 1 passed (2)
      Tests  4 failed | 57 passed (61)
   Start at  23:41:26
   Duration  5.17s (transform 111ms, setup 39ms, import 114ms, tests 5.36s, environment 0ms)

