
 RUN  v4.1.11 /Users/x/Desktop/Project/dsh-plugin/product/omnimux-dsh/.worktrees/cross-browser-image-assets/plugins/omnimux-browser

 ❯ tests/image-assets-v1.spec.ts (51 tests | 1 failed | 50 skipped) 68ms
     ↓ accepts the frozen wire shape
     ↓ rejects non-object
     ↓ rejects missing requestId
     ↓ rejects empty url
     ↓ rejects missing pageUrl
     ↓ rejects non-string url
     ↓ rejects non-string title
     ↓ rejects requestId over 128
     ↓ rejects url over 8192
     ↓ rejects pageUrl over 8192
     ↓ rejects title over 200
     ↓ rejects local path smuggled in
     ↓ rejects credential smuggled in
     ↓ accepts the frozen raster set with parameters stripped
     ↓ rejects image/svg+xml without guessing a suffix
     ↓ rejects application/octet-stream without guessing a suffix
     ↓ rejects text/html without guessing a suffix
     ↓ rejects image/heic without guessing a suffix
     ↓ rejects  without guessing a suffix
     ↓ rejects IMAGE/PNG2 without guessing a suffix
     ↓ rejects image/png/x without guessing a suffix
     ↓ drops the fragment but keeps the signed query
     ↓ returns unavailable when the asset service is absent
     ↓ returns unavailable when host image validation is absent
     ↓ rejects non-public and non-string urls before dialing
     ↓ maps fetch timeout into the frozen outcome vocabulary
     ↓ maps fetch too-large into the frozen outcome vocabulary
     ↓ maps fetch http-error into the frozen outcome vocabulary
     ↓ maps fetch bad-request into the frozen outcome vocabulary
     ↓ maps fetch failed into the frozen outcome vocabulary
     ↓ rejects non-image and missing content types without magic sniffing
     ↓ intersects the frozen types with the host imageLimits mediaTypes
     ↓ maps validation error UNSUPPORTED_IMAGE_TYPE to unsupported-image
     ↓ maps validation error INVALID_IMAGE to unsupported-image
     ↓ maps validation error IMAGE_TYPE_MISMATCH to mime-mismatch
     ↓ maps validation error IMAGE_TOO_LARGE to too-large
     ↓ maps validation error IMAGE_TOO_MANY_PIXELS to too-large
     ↓ maps validation error IMAGE_DIMENSION_TOO_LARGE to too-large
     ↓ maps validation error ATTACHMENT_CORRUPT to unavailable
     ↓ calls validateImage with the downloaded bytes and normalized mime — never saving attachments
     ↓ passes the source digest, bytes, mime and bounded provenance to the asset service
     ↓ maps a duplicate receipt through unchanged
     ↓ turns ingest failure or a malformed receipt into storage-failed
     ↓ reports cancelled when the connection generation dies mid-save
     ↓ attachments 在桥挂载之后才就位时，下一次调用能拿到新 provider
     ↓ 连接代次在 ingest 提交期间死亡时回 cancelled，不回 saved
     ↓ 提交前死亡已是 cancelled；存活则回执照常送达
     ↓ distinguishes the caller abort from the own timeout budget
     × external abort first-wins: a late rejection after the own timer still reports failed, not timeout 68ms
     ↓ still reports its own timeout the same way
     ↓ 成功回执必须含非空 assetId/fileId 与有限 lrev

⎯⎯⎯⎯⎯⎯⎯ Failed Tests 1 ⎯⎯⎯⎯⎯⎯⎯

 FAIL  tests/image-assets-v1.spec.ts > fetchMediaBytes · 外部取消信号 > external abort first-wins: a late rejection after the own timer still reports failed, not timeout
AssertionError: expected { status: 'timeout', timeoutMs: 20 } to deeply equal { status: 'failed', …(1) }

- Expected
+ Received

  {
-   "message": "the media request failed",
-   "status": "failed",
+   "status": "timeout",
+   "timeoutMs": 20,
  }

 ❯ tests/image-assets-v1.spec.ts:373:21
    371|     const outcome = await pending
    372|     expect(observed).toBe(true)
    373|     expect(outcome).toEqual({ status: 'failed', message: 'the media re…
       |                     ^
    374|   })
    375|

⎯⎯⎯⎯⎯⎯⎯⎯⎯⎯⎯⎯⎯⎯⎯⎯⎯⎯⎯⎯⎯⎯⎯⎯[1/1]⎯


 Test Files  1 failed (1)
      Tests  1 failed | 50 skipped (51)
   Start at  00:43:15
   Duration  191ms (transform 35ms, setup 15ms, import 31ms, tests 68ms, environment 0ms)

